// Jest Snapshot v1, https://goo.gl/fbAQLP

exports[`Description component renders correctly 1`] = `
<div>
  Kishi
</div>
`;
